ACAF "Ondernemingen: ontvangen kapitaaloverdrachten."
ACAG "Totale overheid: netto ontvangen kapitaaloverdrachten."
AOUC "Kost per eenheid produkt."
AQC "Kost per eenheid produkt: kapitaal en arbeid."
BENEF "Ondernemingen: niet-uitgekeerde winsten."
BENEF_ "Ondernemingen: niet-uitgekeerde winsten (v¢¢r statistische aanpassing)."
BQY "Netto-factorinkomens, P.1985."
BVY "Saldo factorinkomens, lopende prijzen."
COEFON "Co‰ffici‰nt voor berekening indirecte belastingen in constante prijzen."
COTRES "Cotisation de responsabilisation."
DPU "Nominale afschrijvingen op de kapitaalvoorraad."
DPUF "Afschrijvingen van ondernemingen."
DPUG "Totale overheid: afschrijvingen op de kapitaalvoorraad."
DPUGO ""
DPUH "Zelfstandigen: afschrijvingen op de kapitaalvoorraad."
DPUU "Nominale afschrijvingen op de kapitaalvoorraad (aangepast: inkomensoptiek)."
DTF "Totale overheid: directe vennootschapsbelasting."
DTFX "Variation discr‚tionnaire des recettes d'ISOC (en mlrds)"
DTH "Totale overheid: directe belasting van de gezinnen."
DTH1 "Federale overheid: roerende voorheffing betaald door de gezinnen."
DTH1C ""
DTHX "Variation discr‚tionnaire des recettes d'IPP (en mlrds)"
EER "Effectieve nominale wisselkoers - berekend tegenover 19 ge‹ndustrialiseerde landen."
EFM "Vreemde grensarbeiders in Belgi‰ (30 juni)."
EFMY "Vreemde grensarbeiders in Belgi‰ (jaargemiddelde)."
EFX "Belgische grensarbeiders in het buitenland (30 juni)."
EFXY "Belgische grensarbeiders in het buitenland (jaargemiddelde)."
EX "Wisselkoers van de USD t.o.v. de BEF (jaargemiddelde)."
EXC "Accijnzen: totaal."
EXCC ""
EXCCR ""
FLF "Netto financieringsvermogen of -behoefte: ondernemingen."
FLG "Netto financieringsvermogen of -behoefte: overheid."
GAP "Output gap (methodologie FPB)."
GOSF "Bruto-exploitatie-overschot: ondernemingen."
GOSG "Bruto exploitatie-overschot: overheid (= afschrijvingen)."
GOSH "Bruto exploitatie-overschot: gezinnen."
GOSH_ "Bruto exploitatie-overschot: gezinnen (v¢¢r statistische aanpassing)."
IDF "Ondernemingen: uitgekeerde dividenden en interesten."
IDG "Inkomen uit vermogen: overheid."
IDH "Gezinnen: netto inkomen uit vermogen."
IDH_ "Gezinnen: netto inkomen uit vermogen (v¢¢r statistische aanpassing)."
IFU "Bruto kapitaalvorming: ondernemingen."
IHU "Bruto kapitaalvorming: gezinnen."
IT "Totale indirecte belastingen."
ITCEE "Federale overheid: indirecte belastingen gestort aan de EG."
ITCEEM ""
ITCR "Indirecte belastingvoet betrekking hebbend op privaat verbruik."
ITD ""
ITDR ""
ITEP "Indirecte belastingen: accijnzen op energie betaald door ondernemingen."
ITEPR ""
ITF "Belasting op de toegevoegde waarde."
ITF5 "BTW op investeringen in woningbouw."
ITF5R ""
ITFC "BTW op verbruiksgoederen."
ITFGI "BTW op overheidsinvesteringen."
ITFGO "BTW op aankoop van goederen en diensten door de overheid."
ITFGR ""
ITFIGR ""
ITFQ "Belasting op de toegevoegde waarde, P.1985."
ITGR "Indirecte belastingvoet op overheidsverbruik."
ITI5R "Indirecte belastingvoet op investeringen in de woningbouw."
ITIFR "Indirecte belastingvoet op investeringen van ondernemingen."
ITIGR "Indirecte belastingvoet op overheidsinvesteringen."
ITM "Indirecte belastingen op invoer."
ITMQ "Indirecte belastingen op invoer, P.1985."
ITMQR "Indirecte belastingvoet: invoer in volume."
ITMR "Indirecte belastingvoet: invoer."
ITNQ "Indirecte belastingen minus subsidies, constante prijzen."
ITON "Indirecte belastingen (andere dan netto belastingen bij invoer en BTW) minus subsidies, lopende prijzen."
ITONQ "Indirecte belastingen (andere dan netto belastingen bij invoer en BTW) minus subsidies, constante prijzen."
ITPL ""
ITPR "Indirecte belastingen ge‹nd door de Gewesten en Gemeenschappen."
ITPS ""
ITT "Indirecte belastingen met uitsluiting van BTW en invoerbelastingen - lopende prijzen."
IUGR "Ratio investissement public - PIB"
KLHP "Ratio werkgelegenheid op kapitaalvoorraad: trend via Hodrick-Prescott filter."
KN5 "Kapitaalvoorraad woningbouw, P.1985."
KNF "Kapitaalvoorraad marktsector, P.1985, toestand 31 december."
KNFY "Kapitaalvoorraad marktsector, P.1985, jaargemiddelde."
NATY "Totale beroepsbevolking (jaargemiddelde)."
NDOM "Werkgelegenheid: huishoudelijke hulp (30 juni)."
NDOMY "Werkgelegenheid: huishoudelijke hulp (jaargemiddelde)."
NFFYP "Werkgelegenheid in de marktsector (voltijdse equivalenten, jaargemiddelde)."
NFY "Werkgelegenheid in de ondernemingen (aantal personen, jaargemiddelde)"
NFYP "Werkgelegenheid in de ondernemingen (voltijdse equivalenten, jaargemiddelde)"
NGY "Emploi dans le secteur public (en milliers)"
NI "Werkgelegenheid: aantal zelfstandigen (30 juni)."
NIY "Werkgelegenheid: aantal zelfstandigen (jaargemiddelde)."
NIYP "Werkgelegenheid: aantal zelfstandigen (voltijdse equivalenten, jaargemiddelde)."
OCUF "Ondernemingen: overige ontvangen inkomensoverdrachten."
OCUG "Globale overheid: saldo van de ontvangen lopende overdrachten."
OCUH "Gezinnen: overige ontvangen inkomensoverdrachten."
PAFF "Deflator bruto toegevoegde waarde tegen factorkosten: marktsector."
PAFF_ "Deflator bruto toegevoegde waarde tegen factorkosten: marktsector (v¢¢r statistische aanpassing)."
PAG "Deflator bruto toegevoegde waarde: niet-verhandelbare diensten."
PAH "Deflator bruto toegevoegde waarde: woongebouwen. "
PBBP "Deflator Bruto Binnenlands Produkt."
PBNP "Deflator Bruto Nationaal Produkt."
PC "Deflator privaat verbruik."
PC_ "Deflator privaat verbruik (v¢¢r statistische aanpassing)."
PDPUG ""
PFI "Deflator finale vraag, exclusief indirecte belastingen."
PFI_ "Deflator finale vraag, exclusief indirecte belastingen (v¢¢r statistische aanpassing)."
PG "Deflator overheidsverbruik."
PGO "Deflator overheidsverbruik: aankoop goederen en diensten."
PI5 "Deflator investeringen woningbouw."
PIF "Deflator investeringen ondernemingen."
PIG "Prijsindex van de overheidsinvesteringen."
PM "Prijsindex van de invoer."
PMAB "Deflator invoer van niet-energieprodukten."
PMDVD ""
PME "Deflator energie."
PMINTP ""
PMS "Deflator invoer van diensten."
PMT "Deflator invoer van toeristische diensten."
POIL "Brent olieprijs (USD per barrel)."
PRDAI "Aandeel van deeltijdse arbeid van zelfstandigen in totale werkgelegenheid zelfstandigen."
PRDAL "Aandeel van deeltijdse arbeid van loon- en weddetrekkenden in totale werkgelegenheid loon- en weddetrekkenden."
PW3 "Index wereldprijs - energie, in USD."
PWMAB "Index wereldprijs - invoer van niet-energieprodukten, in USD."
PWMS "Index wereldprijs - invoer van diensten, in USD."
PWXAB "Index wereldprijs - uitvoer van niet-energieprodukten, in USD."
PWXS "Index wereldprijs - uitvoer van diensten, in USD."
PX "Prijsindex uitvoer."
PXAB "Deflator uitvoer van niet-energieprodukten."
PXB ""
PXE "Deflator uitvoer van energie."
PXS "Deflator uitvoer van diensten."
PXT "Deflator uitvoer: niet ingezetenen in Belgi‰."
QAFF "Bruto toegevoegde waarde tegen factorkosten: marktsector, P.1985."
QAFF_ "Bruto toegevoegde waarde tegen factorkosten: marktsector, P.1985 (v¢¢r statistische aanpassing)."
QAF_ "Bruto toegevoegde waarde tegen factorkosten: ondernemingen, P.1985 (v¢¢r statistische aanpassing)."
QAG "Bruto toegevoegde waarde: niet-verhandelbare diensten, P.1985."
QAH "Bruto toegevoegde waarde: woongebouwen, P.1985."
QAI_ "Bruto toegevoegde waarde tegen factorkosten: zelfstandigen, P.1985 (v¢¢r statistische aanpassing)."
QAT "BBP tegen factorkosten, P.1985."
QAT_ "BBP tegen factorkosten, P.1985 (v¢¢r statistische aanpassing)."
QBBP "Bruto Binnenlands Produkt, P.1985."
QBBPPOT_ "Potentieel BBP tegen marktprijzen (methodologie FPB)."
QBBP_B "Bruto Binnenlands Produkt, P.1985 (bestedingsoptiek)."
QBBP_P "Bruto Binnenlands Produkt, P.1985 (produktie-optiek)."
QBNP "Bruto Nationaal Produkt, P.1985."
QC "Privaat verbruik, P.1985."
QC_ "Privaat verbruik, P.1985 (v¢¢r statistische aanpassing)."
QG "Overheidsverbruik: P.1985."
QGO "Overheidsverbruik: aankoop goederen en diensten, P.1985."
QI "Bruto binnenlandse kapitaalvorming, P.1985."
QI5 "Bruto binnenlandse kapitaalvorming - woningbouw, P.1985."
QIF "Bruto binnenlandse kapitaalvorming - ondernemingen, P.1985."
QIG "Bruto binnenlandse kapitaalvorming - overheid, P.1985."
QM "Invoer van goederen en diensten, P.1985."
QMAB "Invoer van niet-energieprodukten, P.1985."
QME "Invoer van energie, P.1985."
QMS "Invoer van diensten, P.1985."
QMT "Invoer van toeristische diensten, P.1985."
QQMAB "Finale vraag: theoretisch invoergehalte uit hoofde van niet- energieprodukten."
QQMAB_ "Finale vraag: theoretisch invoergehalte uit hoofde van niet- energieprodukten (v¢¢r statistische aanpassing)."
QS "Voorraadveranderingen, P.1985."
QS_ "Voorraadveranderingen, P.1985 (v¢¢r statistische aanpassing) ."
QWXAB "Indicator van het volume van de wereldvraag naar goederen, 1985=1."
QWXS "Indicator van het volume van de wereldvraag naar diensten, 1985=1."
QX "Uitvoer van goederen en diensten, P.1985."
QXAB "Uitvoer van niet-energieprodukten, P.1985."
QXB ""
QXE "Uitvoer van energie, P.1985."
QXS "Uitvoer van diensten, P.1985."
QXT "Uitvoer van toeristische diensten, P.1985."
Q_ "Potenti‰le toegevoegde waarde tegen factorkosten: marktsector (methodologie FPB)."
RIDG "Overheid: inkomen uit vermogen."
RIDGG ""
RIPBE "Gewogen interestkost op financi‰le schulden gezinnen."
RLBE "Lange termijn rentevoet: Belgi‰ (obligatierente, 6 jaar en meer)."
RLBERHP "Re‰le lange rente: Belgi‰, trend via Hodrick-Prescott filter."
RSBE "Korte termijn rentevoet: Belgi‰."
SBF "Ondernemingen: sociale uitkeringen."
SBG "Totale overheid: sociale uitkeringen."
SBGXR "Transferts aux m‚nages (taux de croissance … prix constants)"
SBH "Gezinnen: ontvangen sociale uitkeringen."
SF "Ondernemingen: bruto lopende besparingen."
SFG ""
SG "Overheid: bruto besparingen."
SH "Gezinnen: bruto besparingen."
SSF "Sociale zekerheid: totaal werkelijke en fictieve werkgeversbijdragen (op loonmassa ondernemingen, overheid en huis- en dienstpersoneel)."
SSF3 "Sociale zekerheid: werkelijke werkgeversbijdragen van de ondernemingen en de overheid aan de RSZ."
SSF3L "Ondernemingen: werkelijke sociale verzekeringspremies."
SSF3P "Sociale zekerheid: werkgeversbijdragen van de ondernemingen aan de RSZ."
SSF3PR "Taux de cotisation patronale"
SSFDOM "Sociale zekerheid: werkgeversbijdragen op loonmassa huis- en dienstpersoneel."
SSFF "Sociale zekerheid: werkelijke werkgeversbijdragen op loonmassa ondernemingen."
SSFFIC "Ondernemingen: (Sociale uitkeringen in verband met) fictieve sociale verzekeringspremies."
SSFG "Sociale zekerheid: werkelijke en fictieve werkgeversbijdragen op loonmassa overheid."
SSH "Sociale zekerheid: persoonlijke bijdragen (werknemers ondernemingen en overheid, zelfstandigen en vervangingsinkomenstrekkers)."
SSH3GP "Persoonlijke bijdragen: uitkeringstrekkers: bruggepensioneerden, werklozen en invaliden (53-79: percentage van TSHD0)."
SSH3O "Persoonlijke bijdragen: overheid. (53-69: 8% van TSHD0; 70-89: berekeningen JV, nota; 90-...: update MJF)."
SSH3P "Persoonlijke bijdragen: gepensioneerden (53-75: percentage van TSHD0)"
SSH3RO "Bijdragevoet werknemers: overheidspersoneel."
SSH3RW "Taux de cotisation personnelle"
SSH3W "Verplichte persoonlijke bijdragen, excl. uitkeringstrekkers, overheid en bijzondere bijdrage."
SSH3WA "Sociale zekerheid: vrijwillige bijdragen van de werknemers."
SSH3WW "Sociale zekerheid: verplichte werknemersbijdragen aan de RSZ."
SSH3ZA "Sociale zekerheid: vrijwillige bijdragen van de zelfstandigen."
SSH3ZW "Sociale zekerheid: verplichte bijdragen van de zelfstandigen."
SSHFF "Werknemersbijdragen op loonmassa ondernemingen."
SSHI "Sociale zekerheid: persoonlijke bijdragen zelfstandigen."
SSHKB "Alternatieve financiering van de sociale zekerheid: bijzondere bijdragen."
SSHRZW "Persoonlijke bijdragevoet: verplichte bijdragen."
SSRDOM "Bijdragevoet aan Sociale zekerheid: werkgeversbijdragen van huisbedienden."
SUB "Ontvangen subsidies: totaal."
SUBCEE "Subsidies ontvangen van de EG."
TFPHP_ "Totale factorproductiviteit, trend via Hodrick-Prescott filter."
TIME "Trend-variabele."
TVACEE "BTW betaald aan de EG."
TWG "Sociale programmatie-index: globale overheid."
TWGP "Sociale programmatie-index: pensioenen."
TWGR "Taux de croissance des salaires secteur public"
ULAG "Niet-werkzoekende ('oudere') volledig uitkeringsgerechtigde werklozen (jaargemiddelde)."
ULCP "Uitkeringsgerechtigde volledig werkloze werkzoekenden (jaargemiddelde)."
ULIL "Vrijwillig ingeschreven overige werklozen (jaargemiddelde)."
ULIO "Overige verplicht ingeschreven werkzoekende werklozen (jaargemiddelde)."
ULPM "Tijdelijk werklozen, uitgedrukt in termen van daggemiddelden."
UY "Totale werkloosheid (incl. oudere werklozen, jaargemiddelde) ."
VAF "Bruto toegevoegde waarde tegen factorkosten: ondernemingen, lopende prijzen."
VAFF "Bruto toegevoegde waarde tegen factorkosten: marktsector, lopende prijzen."
VAFF_ "Bruto toegevoegde waarde tegen factorkosten: marktsector, lopende prijzen (v¢¢r statistische aanpassing)."
VAG "Bruto toegevoegde waarde: niet-verhandelbare diensten, lopende prijzen."
VAH "Bruto toegevoegde waarde: woongebouwen, lopende prijzen."
VAI "Bruto toegevoegde waarde tegen factorkosten: zelfstandigen, lopende prijzen."
VAI_ "Bruto toegevoegde waarde tegen factorkosten: zelfstandigen, lopende prijzen (v¢¢r statistische aanpassing)."
VAMARE "Mutaties in de wiskundige reserves van de pensioenfondsen."
VAT "BBP tegen factorkosten, lopende prijzen."
VATPC "Taux de TVA sur la consommation priv‚e"
VAT_ "BBP tegen factorkosten, lopende prijzen (v¢¢r statistische aanpassing)."
VBBP "Bruto Binnenlands Produkt, lopende prijzen."
VBBP_B "Bruto Binnenlands Produkt, lopende prijzen (v¢¢r statistische aanpassing, bestedingsoptiek)."
VBBP_P "Bruto Binnenlands Produkt, lopende prijzen (v¢¢r statistische aanpassing, produktie-optiek)."
VBNP "Bruto Nationaal Produkt, lopende prijzen."
VBNP_B "Bruto Nationaal Produkt, lopende prijzen (v¢¢r statistische aanpassing, bestedingsoptiek)."
VBNP_I "Bruto Nationaal Produkt, lopende prijzen (v¢¢r statistische aanpassing, inkomensoptiek)."
VBNP_P "Bruto Nationaal Produkt, lopende prijzen (v¢¢r statistische aanpassing, produktie-optiek)."
VC "Privaat verbruik, lopende prijzen."
VC_ "Privaat verbruik, lopende prijzen (v¢¢r statistische aanpassing)."
VG "Overheidsverbruik, lopende prijzen."
VGO "Overheidsverbruik: aankoop van goederen en diensten, lopende prijzen."
VI "Bruto binnenlandse kapitaalvorming, lopende prijzen."
VI5 "Bruto binnenlandse kapitaalvorming: woningbouw, lopende prijzen."
VIF "Bruto binnenlandse kapitaalvorming: ondernemingen, lopende prijzen."
VIG "Bruto binnenlandse kapitaalvorming: overheid, lopende prijzen."
VKF5 "Afschrijvingsvoet kapitaalvoorraad woningen."
VKFF "Afschrijvingsvoet kapitaalvoorraad ondernemingen."
VM "Invoer van goederen en diensten, lopende prijzen."
VMAB "Invoer van niet-energieprodukten, lopende prijzen."
VME "Invoer van energie, lopende prijzen."
VMK "Factorinkomens: kapitaal: betaald aan het buitenland, lopende prijzen."
VMN "Factorinkomens: arbeid: betaald aan het buitenland, lopende prijzen."
VMS "Invoer van diensten, lopende prijzen."
VMT "Invoer van toeristische diensten, lopende prijzen."
VS "Voorraadveranderingen, lopende prijzen."
VS_ "Voorraadveranderingen, lopende prijzen, (v¢¢r statistische aanpassing)."
VX "Uitvoer van goederen en diensten, lopende prijzen."
VXAB "Uitvoer van niet-energieprodukten, lopende prijzen."
VXB ""
VXE "Uitvoer van energie, lopende prijzen."
VXK "Factorinkomens: kapitaal: ontvangen van het buitenland, lopende prijzen."
VXN "Factorinkomens: arbeid: ontvangen van het buitenland, lopende prijzen."
VXS "Uitvoer van diensten, lopende prijzen."
VXT "Uitvoer van toeristische diensten, lopende prijzen."
WBF "Ondernemingen: loonmassa exclusief werkgeversbijdragen, lopende prijzen."
WBFRXX "Wage drift (exogeen)."
WBF_ "Ondernemingen: loonmassa exclusief werkgeversbijdragen, lopende prijzen (v¢¢r statistische aanpassing)."
WBG "Globale overheid: loonmassa inclusief pensioenen."
WBGO ""
WBGP "Globale overheid: loonmassa exclusief pensioenen."
WBU "Totale loonmassa (inclusief werkgeversbijdragen)."
WBU_ "Totale loonmassa (inclusief werkgeversbijdragen) (v¢¢r statistische aanpassing)."
WCF "Ondernemingen: loonmassa inclusief werkgeversbijdragen, lopende prijzen."
WCF_ "Ondernemingen: loonmassa inclusief werkgeversbijdragen, lopende prijzen (v¢¢r statistische aanpassing)."
WCR1 "Ondernemingen: nominale loonvoet per voltijds equivalent (incl. werkgeversbijdragen)."
WCR1_ "Ondernemingen: nominale loonvoet per voltijds equivalent (incl. werkgeversbijdragen) (v¢¢r statistische aanpassing)."
WCR2 "Zelfstandigen (toegewezen) en ondernemingen: nominale loonvoet per voltijds equivalent (incl. werkgeversbijdragen) ."
WCR2_ "Zelfstandigen (toegewezen) en ondernemingen: nominale loonvoet per voltijds equivalent (incl. werkgeversbijdragen) (v¢¢r statistische aanpassing)."
WDOM "Loonmassa (incl. bijdragen): huisbedienden, lopende prijzen."
WG "Loonmassa overheidssector exclusief werkgeversbijdragen."
WIND "Toegewezen loonmassa van zelfstandigen, lopende prijzen."
WIND_ "Toegewezen loonmassa van zelfstandigen, lopende prijzen (v¢¢r statistische aanpassing)."
WLCP "Werkloosheidsvergoedingen aan werkzoekende uitkeringsgerechtigde volledig werklozen."
WNF "Ondernemingen: loonmassa exclusief sociale zekerheidsbijdragen, lopende prijzen."
WNF_ "Ondernemingen: loonmassa exclusief sociale zekerheidsbijdragen, lopende prijzen (v¢¢r statistische aanpassing)."
XNATY "Croissance de la population active"
XPOIL "Croissance du prix du p‚trole"
XPWMAB "Croissance des prix des biens import‚s"
XPWXAB "Croissance des prix des march‚s pertinents … l'export"
XQWXSS "Croissance des march‚s pertinents"
XRLBER "Taux d'int‚rˆt r‚el … long terme"
XRSBER "Taux d'int‚rˆt r‚el … court terme"
XTFP "Croissance de la TFP"
XW "Correction des salaires secteur priv‚ (ex. 0.01=1%)"
XWC "Correction des salaires dans le secteur priv‚ dans le sc‚nario c (0.01=1%)"
YDH "Bruto beschikbaar inkomen van de gezinnen."
YDH_ "Bruto beschikbaar inkomen van de gezinnen (v¢¢r statistische aanpassing)."
YDTG "Overheid: ge‹nde indirecte belastingen."
YIDG "Globale overheid: interestlasten."
YK "Netto inkomen uit vermogen en ondernemersactiviteit t.a.v. buitenland."
YN "Netto inkomen uit arbeid t.a.v. het buitenland."
YSEFP "Totaal werkelijke werkgeversbijdragen betaald door de overheid als werkgever."
YSEFPR ""
YSEFT1 "Centrale overheid: ontvangen verplichte sociale zekerheidsbijdragen vanwege haar werknemers: Kas Weduwen en Wezen."
YSEFT2 "Lokale overheid: ontvangen verplichte sociale zekerheidsbijdragen vanwege haar werknemers."
YSFIC "Globale overheid: fictieve sociale bijdragen."
YSSF "Ondernemingen: ontvangen sociale verzekeringspremies (werkelijke (SSF3L) + fictieve (SSFFIC))."
YSSG "Globale overheid: ontvangen sociale zekerheidsbijdragen."
ZF "Indexeringsco‰ffici‰nt voor de lonen in de private sector."
ZJ "Indexeringsco‰ffici‰nt voor de sociale uitkeringen, vertraagd in de periode 1984-1988, voor de verrekening van de indexsprongen bij de vervangingsinkomens (1984, 1985, 1987)."
ZKF "Bezettingsgraad van de produktiecapaciteit."
ZX "Saut d'index (correction en %)"
ZZ_ "Marktsector (ondernemingen en zelfstandigen): loonquote (gemiddelde 1954-94)."
